21:10:13 **** Build of configuration Debug for project 01_helloworld ****
make -j16 all 
arm-none-eabi-gcc -mcpu=cortex-m4 -g3 -DDEBUG -c -x assembler-with-cpp -MMD -MP -MF"Startup/startup_stm32f407vetx.d" -MT"Startup/startup_stm32f407vetx.o" --specs=nano.specs -mfloat-abi=hard -mthumb -o "Startup/startup_stm32f407vetx.o" "../Startup/startup_stm32f407vetx.s"
arm-none-eabi-gcc "../Src/main.c" -mcpu=cortex-m4 -std=gnu11 -g3 -DDEBUG -DSTM32 -DSTM32F4 -DSTM32F407VETx -c -I../Inc -O0 -ffunction-sections -fdata-sections -Wall -fstack-usage -fcyclomatic-complexity -MMD -MP -MF"Src/main.d" -MT"Src/main.o" --specs=nano.specs -mfloat-abi=hard -mthumb -o "Src/main.o"
arm-none-eabi-gcc "../Src/syscalls.c" -mcpu=cortex-m4 -std=gnu11 -g3 -DDEBUG -DSTM32 -DSTM32F4 -DSTM32F407VETx -c -I../Inc -O0 -ffunction-sections -fdata-sections -Wall -fstack-usage -fcyclomatic-complexity -MMD -MP -MF"Src/syscalls.d" -MT"Src/syscalls.o" --specs=nano.specs -mfloat-abi=hard -mthumb -o "Src/syscalls.o"
arm-none-eabi-gcc "../Src/sysmem.c" -mcpu=cortex-m4 -std=gnu11 -g3 -DDEBUG -DSTM32 -DSTM32F4 -DSTM32F407VETx -c -I../Inc -O0 -ffunction-sections -fdata-sections -Wall -fstack-usage -fcyclomatic-complexity -MMD -MP -MF"Src/sysmem.d" -MT"Src/sysmem.o" --specs=nano.specs -mfloat-abi=hard -mthumb -o "Src/sysmem.o"
../Src/main.c:22:4: warning: #warning "FPU is not initialized, but the project is compiling for an FPU. Please initialize the FPU before use." [-Wcpp]
   22 |   #warning "FPU is not initialized, but the project is compiling for an FPU. Please initialize the FPU before use."
      |    ^~~~~~~
arm-none-eabi-gcc -o "01_helloworld.elf" @"objects.list"   -mcpu=cortex-m4 -T"D:\github\blog\STM32\ARM Cortex\project02\01_helloworld\STM32F407VETX_FLASH.ld" --specs=nosys.specs -Wl,-Map="01_helloworld.map" -Wl,--gc-sections -static --specs=nano.specs -mfloat-abi=hard -mthumb -Wl,--start-group -lc -lm -Wl,--end-group
Finished building target: 01_helloworld.elf
 
arm-none-eabi-size  01_helloworld.elf 
arm-none-eabi-objdump -h -S 01_helloworld.elf  > "01_helloworld.list"
   text	   data	    bss	    dec	    hex	filename
    652	      0	   1568	   2220	    8ac	01_helloworld.elf
Finished building: default.size.stdout
 
Finished building: 01_helloworld.list
 
