21:27:41 **** Incremental Build of configuration Debug for project hello ****
make -j16 all 
arm-none-eabi-size  hello.elf 
   text	   data	    bss	    dec	    hex	filename
   3308	     92	   1900	   5300	   14b4	hello.elf
Finished building: default.size.stdout
 
21:28:13 **** Incremental Build of configuration Debug for project hello ****
make -j16 all 
arm-none-eabi-size  hello.elf 
   text	   data	    bss	    dec	    hex	filename
   3308	     92	   1900	   5300	   14b4	hello.elf
Finished building: default.size.stdout
 
21:31:23 **** Incremental Build of configuration Debug for project hello ****
make -j16 all 
arm-none-eabi-gcc "../Src/main.c" -mcpu=cortex-m4 -std=gnu11 -g3 -DDEBUG -DSTM32 -DSTM32F407G_DISC1 -DSTM32F4 -DSTM32F407VGTx -c -I../Inc -O0 -ffunction-sections -fdata-sections -Wall -fstack-usage -fcyclomatic-complexity -MMD -MP -MF"Src/main.d" -MT"Src/main.o" --specs=nano.specs -mfloat-abi=soft -mthumb -o "Src/main.o"
arm-none-eabi-gcc -o "hello.elf" @"objects.list"   -mcpu=cortex-m4 -T"D:\github\blog\STM32\MCU1\hello\STM32F407VGTX_FLASH.ld" --specs=nosys.specs -Wl,-Map="hello.map" -Wl,--gc-sections -static --specs=nano.specs -mfloat-abi=soft -mthumb -Wl,--start-group -lc -lm -Wl,--end-group
Finished building target: hello.elf
 
arm-none-eabi-size  hello.elf 
arm-none-eabi-objdump -h -S hello.elf  > "hello.list"
   text	   data	    bss	    dec	    hex	filename
   3308	     92	   1900	   5300	   14b4	hello.elf
Finished building: default.size.stdout
 
Finished building: hello.list
 
